RESULT,0,0,0,62558,18584,-61543,3964,-98592,206520,1
RESULT,1,0,0,53443,22760,-42557,-1805,-110925,206520,1
RESULT,2,0,1,9937,12241,-7170,-13843,-37447,206520,1
RESULT,3,0,0,52057,24773,-40866,309,-101266,206520,1
RESULT,4,0,0,46119,23261,-35928,3469,-90483,206520,1
RESULT,5,0,0,72271,26291,-58989,-2263,-117216,206520,1
RESULT,6,0,0,41564,27801,-31297,-1493,-73598,206520,1
RESULT,7,0,0,36728,11970,-30887,-11243,-98877,206520,1
RESULT,8,0,0,27846,18116,-21848,-9856,-55919,206520,1
RESULT,9,0,0,28365,13686,-19658,-4636,-75799,206520,1
RESULT,10,0,0,116792,24599,-121308,18414,-184485,206520,1
RESULT,11,0,0,76443,34606,-70285,1686,-119172,206520,1
RESULT,12,0,0,23537,18146,-9008,-13251,-43780,206520,1
RESULT,13,0,0,21551,14354,-20675,-1216,-49038,206520,1
RESULT,14,0,0,44578,23403,-32218,-1960,-87910,206520,1
RESULT,15,0,0,41028,25321,-30107,669,-85133,206520,1
RESULT,16,0,0,49386,29988,-40948,2783,-92573,206520,1
RESULT,17,0,0,24065,22413,-12126,-9790,-52356,206520,1
RESULT,18,0,0,80540,17643,-81557,15772,-155612,206520,1
RESULT,19,0,0,82256,30056,-72719,5054,-119820,206520,1
RESULT,20,0,0,24525,24443,-9402,-11073,-49810,206520,1
RESULT,21,0,0,48856,30286,-39169,-6498,-87702,206520,1
RESULT,22,0,0,60322,23920,-52230,-1378,-100564,206520,1
RESULT,23,0,1,17094,21636,-5290,-7032,-41947,206520,1
RESULT,24,0,0,80922,23165,-80434,12321,-129165,206520,1
RESULT,25,0,0,30670,16057,-29855,2927,-61908,206520,1
RESULT,26,0,0,10358,-2273,-15114,-10520,-56063,206520,1
RESULT,27,0,0,89014,28218,-81557,5548,-146607,206520,1
RESULT,28,0,0,52057,26695,-41787,-11266,-99251,206520,1
RESULT,29,0,0,50570,27810,-43178,20,-98019,206520,1
RESULT,30,0,0,58363,24985,-55987,9920,-96892,206520,1
RESULT,31,0,0,43187,21902,-35146,-7219,-83644,206520,1
RESULT,32,0,1,11435,12797,-12562,-4738,-39907,206520,1
RESULT,33,0,0,95947,31879,-96798,13099,-165611,206520,1
RESULT,34,1,1,-5254,10876,-5862,-8078,-28469,206520,1
RESULT,35,1,0,25827,13979,-28162,-2526,-52274,206520,1
RESULT,36,1,1,12344,20681,-21887,1129,-57863,206520,1
RESULT,37,1,1,-16368,9232,8206,-6197,-10460,206520,1
RESULT,38,1,0,17772,15048,-16329,-5105,-39560,206520,1
RESULT,39,1,1,17015,19938,-24236,8994,-60151,206520,1
RESULT,40,1,0,16096,12693,-28366,5510,-51855,206520,1
RESULT,41,1,1,6980,23807,-3077,-12380,-39394,206520,1
RESULT,42,1,2,-17233,9853,16350,-7289,-2771,206520,1
RESULT,43,1,2,-4899,13956,16848,-18408,-23534,206520,1
RESULT,44,1,1,4080,7012,-8621,-1905,-41209,206520,1
RESULT,45,1,1,538,16561,-7325,-4518,-38384,206520,1
RESULT,46,1,2,-29256,10692,13148,-13369,473,206520,1
RESULT,47,1,0,30036,20685,-31073,9711,-64063,206520,1
RESULT,48,1,1,573,5087,-6835,2148,-38194,206520,1
RESULT,49,1,1,13335,24190,-19943,-2970,-56208,206520,1
RESULT,50,1,1,12357,17056,-17692,-3769,-44113,206520,1
RESULT,51,1,1,2977,17135,-12029,-3175,-34199,206520,1
RESULT,52,1,3,-21038,-1174,-2091,788,-7742,206520,1
RESULT,53,1,1,226,13384,-274,-6743,-23496,206520,1
RESULT,54,1,1,-3237,9286,-11948,283,-29720,206520,1
RESULT,55,1,0,27169,19728,-16276,-11223,-60540,206520,1
RESULT,56,1,1,-11940,17567,-642,-7893,-20721,206520,1
RESULT,57,1,1,-7251,19119,1357,-13265,-25808,206520,1
RESULT,58,1,1,10957,17481,-14095,5844,-57092,206520,1
RESULT,59,1,1,-3373,17189,104,-6406,-26106,206520,1
RESULT,60,1,2,-4854,14120,15961,-16150,-17977,206520,1
RESULT,61,1,1,-12377,14823,14558,-16989,-12063,206520,1
RESULT,62,1,1,-2834,15013,3005,-7421,-23405,206520,1
RESULT,63,1,1,-7446,8756,3891,-2011,-15682,206520,1
RESULT,64,1,1,5569,12163,-7669,-3437,-29234,206520,1
RESULT,65,1,1,651,11934,-1372,-5727,-25375,206520,1
RESULT,66,2,4,-42221,146,5222,-628,10035,206520,1
RESULT,67,2,2,-24505,5865,15010,-8176,962,206520,1
RESULT,68,2,2,-29467,727,15058,-7028,4436,206520,1
RESULT,69,2,2,-31135,296,17001,-5779,10855,206520,1
RESULT,70,2,2,-26521,-1627,17943,-3933,5055,206520,1
RESULT,71,2,2,-15781,9784,12039,-9977,-9269,206520,1
RESULT,72,2,2,-29448,4354,15477,-5777,6213,206520,1
RESULT,73,2,2,-35239,-628,17279,-8115,12673,206520,1
RESULT,74,2,2,-28740,5981,17522,-8493,3098,206520,1
RESULT,75,2,2,-28617,3867,18533,-6339,2780,206520,1
RESULT,76,2,2,-15825,3231,9735,-9041,-4973,206520,1
RESULT,77,2,2,-34593,-1336,17158,-2249,8644,206520,1
RESULT,78,2,2,-14285,6261,8786,-3872,-6361,206520,1
RESULT,79,2,2,-35584,-3464,11674,-1761,4392,206520,1
RESULT,80,2,2,-21532,2117,9155,-2507,-3781,206520,1
RESULT,81,2,2,-26987,356,18981,-5533,3689,206520,1
RESULT,82,2,2,-39801,8533,15517,-9914,5601,206520,1
RESULT,83,2,2,-17958,2953,6570,-2387,1910,206520,1
RESULT,84,2,2,-19504,5901,14832,-6530,-6712,206520,1
RESULT,85,2,2,-15472,7857,11356,-6896,-26788,206520,1
RESULT,86,2,2,-36234,-2437,18950,-7799,15752,206520,1
RESULT,87,2,2,-29185,5304,8314,3455,-6541,206520,1
RESULT,88,2,2,-18436,2742,13980,-13182,-6038,206520,1
RESULT,89,2,4,-66066,-10394,2978,5904,24745,206520,1
RESULT,90,2,2,-33691,289,19881,-2281,5869,206520,1
RESULT,91,2,2,-20853,1786,17469,-11799,2054,206520,1
RESULT,92,2,1,-13122,7005,5627,-2681,-14397,206520,1
RESULT,93,2,2,-19333,8424,10842,-3881,-8780,206520,1
RESULT,94,2,2,-27351,5561,20234,-6754,-1494,206520,1
RESULT,95,3,3,-13997,-1026,-5610,5603,-16055,206520,1
RESULT,96,3,3,-70801,-26633,-13071,39758,18246,206520,1
RESULT,97,3,3,-15610,-5976,-15260,11969,-21859,206520,1
RESULT,98,3,3,-13877,-959,-21319,18299,-33887,206520,1
RESULT,99,3,3,-29504,-5785,-16825,20307,-7133,206520,1
RESULT,100,3,3,-25306,-4989,-19070,16118,-8328,206520,1
RESULT,101,3,3,-9466,-3635,-36079,30567,-39230,206520,1
RESULT,102,3,3,-42642,-20955,-21732,33033,-5966,206520,1
RESULT,103,3,3,-24604,2193,-9835,13362,-14025,206520,1
RESULT,104,3,3,-39279,-14351,-11942,23519,6594,206520,1
RESULT,105,3,4,-51406,-17042,2292,16361,24211,206520,1
RESULT,106,3,3,-13057,-3560,-5827,8696,-15477,206520,1
RESULT,107,3,3,-34538,-16133,-1195,15431,12361,206520,1
RESULT,108,3,3,-20404,-1763,-3193,7956,-6240,206520,1
RESULT,109,3,3,-34109,-13499,-45323,38037,-31774,206520,1
RESULT,110,3,3,-34894,-11684,-29677,26294,-15339,206520,1
RESULT,111,3,3,-27105,-8756,-30489,20008,-18977,206520,1
RESULT,112,3,4,-43765,-12176,7519,14250,15966,206520,1
RESULT,113,3,3,-45495,-8248,-5070,16535,3481,206520,1
RESULT,114,3,3,-50880,-15904,3837,18440,16553,206520,1
RESULT,115,3,3,-15351,2897,-40949,25898,-35436,206520,1
RESULT,116,3,3,-31997,-8254,-372,13267,-5372,206520,1
RESULT,117,3,3,-23296,-9185,-6653,4891,-7460,206520,1
RESULT,118,3,3,-31762,-11429,-15221,14233,5161,206520,1
RESULT,119,4,4,-57895,-10695,-515,13665,25035,206520,1
RESULT,120,4,4,-56957,-7896,9519,8821,28546,206520,1
RESULT,121,4,4,-82295,-21951,5615,27217,43054,206520,1
RESULT,122,4,4,-77309,-9731,12388,7213,44011,206520,1
RESULT,123,4,4,-57705,-18971,31,20808,27940,206520,1
RESULT,124,4,4,-45398,-7103,6798,8150,16418,206520,1
RESULT,125,4,4,-61846,-14905,-2195,20576,29495,206520,1
RESULT,126,4,4,-52565,-9861,10044,5362,30728,206520,1
RESULT,127,4,2,-43546,-4330,16473,-662,16076,206520,1
RESULT,128,4,4,-74912,-10578,-1978,17083,30905,206520,1
RESULT,129,4,4,-59256,-12998,7226,11136,31865,206520,1
RESULT,130,4,4,-78943,-19898,9609,24780,40238,206520,1
RESULT,131,4,4,-84517,-20343,1589,21995,42002,206520,1
RESULT,132,4,4,-76875,-10579,3534,15592,40790,206520,1
RESULT,133,4,4,-60682,-13027,5863,13615,30266,206520,1
RESULT,134,4,4,-40896,-5212,18034,-2986,18268,206520,1
RESULT,135,4,4,-25585,-4739,1904,4485,10610,206520,1
RESULT,136,4,4,-42244,-1004,19020,-7161,21727,206520,1
RESULT,137,4,4,-43707,-14441,2916,7960,10259,206520,1
RESULT,138,4,4,-66668,-13191,-4528,21086,31841,206520,1
RESULT,139,4,4,-50858,-8873,1839,12205,23768,206520,1
RESULT,140,4,4,-56656,-12208,12210,7532,32894,206520,1
RESULT,141,4,4,-54818,-14678,1636,12962,26936,206520,1
RESULT,142,4,4,-56421,-9881,8675,9884,30847,206520,1
RESULT,143,4,4,-52988,-7842,16817,963,25564,206520,1
RESULT,144,4,4,-61874,-19426,1554,20104,35718,206520,1
RESULT,145,4,4,-61015,-12026,4181,15605,26447,206520,1
RESULT,146,0,0,65105,24875,-54775,4968,-97995,206520,1
RESULT,147,0,0,34889,15316,-22673,-5044,-55069,206520,1
RESULT,148,0,0,24610,16872,-23675,1116,-56705,206520,1
RESULT,149,0,0,71515,28861,-56804,635,-105524,206520,1
RESULT,150,0,0,47670,20095,-37233,1610,-79711,206520,1
RESULT,151,1,1,-4332,16275,10009,-12809,-16564,206520,1
RESULT,152,1,1,1766,14385,-2133,-2065,-29793,206520,1
RESULT,153,1,0,19004,18141,-27593,3392,-64402,206520,1
RESULT,154,1,1,-428,13635,-13728,-2436,-35830,206520,1
RESULT,155,2,2,-39431,547,14643,-2373,7906,206520,1
RESULT,156,2,2,-46081,3760,11993,-3650,9045,206520,1
RESULT,157,2,2,-20347,1910,11179,-5218,-3315,206520,1
RESULT,158,2,2,-19605,-10281,6631,-2344,-4022,206520,1
RESULT,159,2,2,-34783,-5710,14118,-1079,8625,206520,1
RESULT,160,2,2,-23364,7360,12372,-8719,-1139,206520,1
RESULT,161,2,2,-48008,1243,11429,-2987,10900,206520,1
RESULT,162,3,3,-1863,-127,-28291,21796,-25799,206520,1
RESULT,163,3,3,-38353,-8443,-5186,20487,7116,206520,1
RESULT,164,3,3,-14108,-6155,-39671,29585,-32324,206520,1
RESULT,165,3,3,-64959,-19761,-23260,38650,-3703,206520,1
RESULT,166,3,3,-4235,519,-29685,23951,-39501,206520,1
RESULT,167,3,3,-37129,-6815,-5500,20798,-3403,206520,1
RESULT,168,3,3,-35615,-14541,-10234,15180,7397,206520,1
RESULT,169,3,3,-31294,-9356,-16480,19867,-3588,206520,1
RESULT,170,3,3,-39388,-14389,-31428,38730,-436,206520,1
RESULT,171,4,4,-38016,-3940,9468,2586,17346,206520,1
RESULT,172,4,4,-43556,-9232,15299,1222,22386,206520,1
RESULT,173,4,4,-95143,-25164,-1889,25918,58394,206520,1
RESULT,174,4,4,-96733,-30635,1484,32827,53081,206520,1
RESULT,175,4,4,-48581,-10636,11842,5361,23027,206520,1
RESULT,176,4,4,-48631,-9908,9545,5256,24337,206520,1
RESULT,177,4,4,-75750,-25176,6862,24965,44107,206520,1
RESULT,178,4,4,-71037,-24568,11777,20951,30319,206520,1
RESULT,179,0,0,47420,17959,-36030,902,-72086,206520,1
RESULT,180,1,1,-19943,3353,-1166,1589,-4752,206520,1
RESULT,181,1,1,-10815,5279,1064,-2512,-23266,206520,1
RESULT,182,1,1,9982,23442,-10551,-6904,-41263,206520,1
RESULT,183,1,1,15647,22614,-18998,-1314,-52768,206520,1
RESULT,184,2,2,-22216,7990,15593,-8603,-5341,206520,1
RESULT,185,2,2,-18247,8743,14434,-7440,-8467,206520,1
RESULT,186,2,2,-30594,2088,19768,-12704,10991,206520,1
RESULT,187,2,2,-37475,-4224,23156,-9000,16120,206520,1
RESULT,188,3,3,-22953,-10233,-31085,28091,-27755,206520,1
RESULT,189,3,3,-47063,-3399,-5275,19955,-6424,206520,1
RESULT,190,3,3,-43707,-11132,-1552,16602,-4406,206520,1
RESULT,191,3,3,-15035,-5805,-12759,12618,-11876,206520,1
RESULT,192,3,2,-28695,544,5114,2900,-409,206520,1
RESULT,193,3,3,-38279,-11495,-21639,36183,3439,206520,1
RESULT,194,3,3,-33164,-2970,1614,8187,2991,206520,1
RESULT,195,4,4,-39471,-7808,16975,1331,18264,206520,1
RESULT,196,4,4,-71794,-16575,-2813,20799,40754,206520,1
RESULT,197,4,3,-58533,-9209,-4975,19845,18746,206520,1
RESULT,198,4,4,-56669,-9155,8037,11793,29097,206520,1
RESULT,199,4,4,-65813,-17152,2585,22857,33722,206520,1
PASS_DATASET_BATCH vectors=200
/mnt/c/Users/Eduardo/Python/CIDigitalCNN/ci-digital-cnn-verilog/tb/tb_dataset_batch.sv:74: $finish called at 414614030000 (1ps)
