RESULT,0,0,0,35189,13882,-28637,3263,-49374,206520,1
RESULT,1,0,0,28920,14656,-15705,-2646,-43004,206520,1
RESULT,2,0,0,7843,6342,-2349,-5063,-20366,206520,1
RESULT,3,0,0,32411,18269,-20946,-472,-51301,206520,1
RESULT,4,0,0,29693,19203,-16075,958,-49429,206520,1
RESULT,5,0,0,41956,18509,-26133,-976,-59478,206520,1
RESULT,6,0,0,25976,17994,-13852,-2,-40893,206520,1
RESULT,7,0,0,17213,9655,-6486,-6082,-32066,206520,1
RESULT,8,0,0,18987,11147,-8935,-2846,-33156,206520,1
RESULT,9,0,0,14651,8604,-5675,-4992,-30390,206520,1
RESULT,10,0,0,65922,17954,-55329,8276,-82323,206520,1
RESULT,11,0,0,50496,22346,-37177,5274,-69184,206520,1
RESULT,12,0,0,13985,8237,-5982,-4985,-23914,206520,1
RESULT,13,0,0,12078,7696,-8088,-1549,-22567,206520,1
RESULT,14,0,0,26944,16886,-15523,-2971,-42776,206520,1
RESULT,15,0,0,25127,19873,-11053,-3055,-44212,206520,1
RESULT,16,0,0,31568,24232,-21189,1719,-55336,206520,1
RESULT,17,0,0,15461,14463,-4205,-4929,-29466,206520,1
RESULT,18,0,0,46898,14785,-37470,4470,-65527,206520,1
RESULT,19,0,0,48288,20892,-36614,3539,-62798,206520,1
RESULT,20,0,0,17104,14716,-6669,-4400,-34807,206520,1
RESULT,21,0,0,36334,22418,-19109,-2034,-55166,206520,1
RESULT,22,0,0,35001,17069,-24537,-1138,-50903,206520,1
RESULT,23,0,0,14872,14860,-4754,-4384,-33222,206520,1
RESULT,24,0,0,49426,17621,-39503,5798,-63820,206520,1
RESULT,25,0,0,19626,11349,-11218,-37,-31659,206520,1
RESULT,26,0,0,3369,2372,-3200,-3649,-19494,206520,1
RESULT,27,0,0,50492,18827,-39107,2030,-66278,206520,1
RESULT,28,0,0,30631,16701,-15037,-3029,-47733,206520,1
RESULT,29,0,0,33463,20628,-23428,72,-55610,206520,1
RESULT,30,0,0,36298,18747,-29759,6221,-54112,206520,1
RESULT,31,0,0,26330,12760,-17508,-165,-40465,206520,1
RESULT,32,0,0,7139,7047,-6435,-2494,-18169,206520,1
RESULT,33,0,0,54358,22630,-43086,6099,-75649,206520,1
RESULT,34,1,1,-1447,7588,2089,-4569,-15111,206520,1
RESULT,35,1,1,7332,8013,-11319,1528,-28135,206520,1
RESULT,36,1,1,9130,13001,-11031,1788,-36881,206520,1
RESULT,37,1,1,-4805,7674,4760,-4657,-5936,206520,1
RESULT,38,1,1,7650,10161,-6806,109,-26676,206520,1
RESULT,39,1,1,10973,15552,-14198,5255,-38226,206520,1
RESULT,40,1,0,9778,9449,-10980,1759,-26949,206520,1
RESULT,41,1,1,4363,14717,-1382,-3332,-25559,206520,1
RESULT,42,1,2,-7247,7018,9623,-4450,-7849,206520,1
RESULT,43,1,2,-6187,5778,10251,-6007,-9890,206520,1
RESULT,44,1,1,-646,5631,-1381,-5886,-17024,206520,1
RESULT,45,1,1,-2782,11444,-4932,-983,-19539,206520,1
RESULT,46,1,2,-11925,7249,7458,-7472,-6988,206520,1
RESULT,47,1,1,13249,14591,-14242,4293,-39777,206520,1
RESULT,48,1,1,2944,6759,-5421,-750,-23482,206520,1
RESULT,49,1,1,7298,16013,-8521,18,-32941,206520,1
RESULT,50,1,1,9408,11405,-9357,-2110,-27371,206520,1
RESULT,51,1,1,-1281,13236,-3765,-949,-21486,206520,1
RESULT,52,1,1,-5184,4784,4391,-3449,-9721,206520,1
RESULT,53,1,1,2421,8161,-1362,-3354,-17557,206520,1
RESULT,54,1,1,-1170,8042,-2793,762,-17370,206520,1
RESULT,55,1,0,13012,11649,-5640,-6624,-28005,206520,1
RESULT,56,1,1,-7061,10631,648,-1645,-15418,206520,1
RESULT,57,1,1,1885,12345,-1593,-4563,-23194,206520,1
RESULT,58,1,1,10767,13163,-7305,182,-32664,206520,1
RESULT,59,1,1,1117,10614,748,-3514,-17321,206520,1
RESULT,60,1,2,-4663,6174,11466,-6165,-7877,206520,1
RESULT,61,1,1,-5848,9449,8589,-8538,-11098,206520,1
RESULT,62,1,1,-2696,11080,4052,-3642,-13869,206520,1
RESULT,63,1,1,-2595,7091,3752,-2116,-12111,206520,1
RESULT,64,1,1,1155,6650,-3349,-797,-16309,206520,1
RESULT,65,1,1,-1113,6410,3550,-3906,-13313,206520,1
RESULT,66,2,2,-14728,-1137,3629,-3343,1294,206520,1
RESULT,67,2,2,-16706,3389,8101,-843,-192,206520,1
RESULT,68,2,2,-17515,92,10203,-7041,1590,206520,1
RESULT,69,2,2,-21200,-64,11801,-3460,4181,206520,1
RESULT,70,2,2,-12411,-310,13572,-3851,4689,206520,1
RESULT,71,2,2,-12837,2927,7125,-5587,-5503,206520,1
RESULT,72,2,2,-21878,3139,10312,-866,2403,206520,1
RESULT,73,2,2,-21554,-39,10208,-6592,3863,206520,1
RESULT,74,2,2,-14645,2258,8958,-4249,-1710,206520,1
RESULT,75,2,2,-18016,2015,8432,-1019,-1817,206520,1
RESULT,76,2,2,-10944,3718,5307,-4771,-5998,206520,1
RESULT,77,2,2,-17466,-1600,10863,-966,6657,206520,1
RESULT,78,2,2,-4457,4222,7939,-2881,-7465,206520,1
RESULT,79,2,2,-17014,627,8453,-1364,1056,206520,1
RESULT,80,2,2,-15679,3052,8932,-2232,-3069,206520,1
RESULT,81,2,2,-10382,2635,11777,-7178,1915,206520,1
RESULT,82,2,2,-29601,2463,8579,-3861,2681,206520,1
RESULT,83,2,2,-7629,3838,6461,-4314,-6185,206520,1
RESULT,84,2,2,-11412,3172,4921,-1340,-4483,206520,1
RESULT,85,2,2,-6870,3948,5694,-3538,-16966,206520,1
RESULT,86,2,2,-20295,151,10396,-8226,3455,206520,1
RESULT,87,2,2,-11184,5435,6448,1552,-5887,206520,1
RESULT,88,2,2,-13657,2972,7115,-6118,-7966,206520,1
RESULT,89,2,4,-29560,-6496,-742,2922,5897,206520,1
RESULT,90,2,2,-13332,1126,10536,-5602,1022,206520,1
RESULT,91,2,2,-10940,3079,10461,-7385,-3498,206520,1
RESULT,92,2,2,-8370,7369,9211,-5622,-6656,206520,1
RESULT,93,2,2,-6341,8162,8905,-2899,-10729,206520,1
RESULT,94,2,2,-18936,1062,8507,-1624,227,206520,1
RESULT,95,3,3,-22024,-1706,-4246,8581,-4654,206520,1
RESULT,96,3,3,-43477,-12027,-5023,21210,7304,206520,1
RESULT,97,3,3,-10104,-4408,-7035,3309,-3748,206520,1
RESULT,98,3,3,-10602,1725,-10867,11376,-12899,206520,1
RESULT,99,3,3,-14104,-1273,-7471,9704,-7105,206520,1
RESULT,100,3,3,-20965,-2732,-7965,8041,-3520,206520,1
RESULT,101,3,3,-24812,-4638,-16405,18895,-11580,206520,1
RESULT,102,3,3,-24542,-7324,-11535,13541,-3895,206520,1
RESULT,103,3,3,-20810,2282,-3459,8899,-5596,206520,1
RESULT,104,3,3,-26069,-6939,-9475,12013,2381,206520,1
RESULT,105,3,4,-33743,-5917,2348,4098,11957,206520,1
RESULT,106,3,3,-14078,-2976,-1799,2295,-4383,206520,1
RESULT,107,3,3,-14324,-6728,-3363,2204,146,206520,1
RESULT,108,3,3,-13466,-191,-851,2362,-8360,206520,1
RESULT,109,3,3,-22405,-6039,-24405,15174,-10725,206520,1
RESULT,110,3,3,-15476,-4259,-17691,13250,-14046,206520,1
RESULT,111,3,3,-22127,-6699,-16775,12722,-4927,206520,1
RESULT,112,3,3,-20029,-2712,1629,5211,893,206520,1
RESULT,113,3,3,-29364,-2542,-1048,8089,-1686,206520,1
RESULT,114,3,3,-26571,-6941,-1576,5692,4388,206520,1
RESULT,115,3,3,-12701,2358,-23754,16460,-20128,206520,1
RESULT,116,3,3,-16725,-470,-998,3292,-5029,206520,1
RESULT,117,3,3,-19189,-5585,-2362,6203,-2409,206520,1
RESULT,118,3,3,-29941,-8732,-3228,7418,7312,206520,1
RESULT,119,4,4,-40709,-8082,3983,6884,14657,206520,1
RESULT,120,4,4,-32999,-6892,7792,2440,16249,206520,1
RESULT,121,4,4,-62177,-17278,3951,16537,28370,206520,1
RESULT,122,4,4,-52564,-9474,7474,7117,25736,206520,1
RESULT,123,4,4,-38516,-10960,2718,9149,19844,206520,1
RESULT,124,4,4,-33575,-3442,6231,8353,8901,206520,1
RESULT,125,4,4,-53224,-13360,720,13823,16134,206520,1
RESULT,126,4,4,-39732,-5166,2566,4026,13174,206520,1
RESULT,127,4,2,-28147,-1557,12255,1801,10482,206520,1
RESULT,128,4,4,-51564,-8535,5581,6007,15601,206520,1
RESULT,129,4,4,-36408,-8098,5200,5616,16449,206520,1
RESULT,130,4,4,-51515,-15444,6782,14787,26372,206520,1
RESULT,131,4,4,-51942,-12061,3821,11151,24241,206520,1
RESULT,132,4,4,-51125,-9285,5863,7365,22693,206520,1
RESULT,133,4,4,-44754,-11344,5752,7070,22148,206520,1
RESULT,134,4,2,-20272,-2148,6763,-905,6610,206520,1
RESULT,135,4,4,-21093,-1289,3294,-1215,6681,206520,1
RESULT,136,4,2,-28929,-1555,9439,-3347,9293,206520,1
RESULT,137,4,4,-24409,-9767,-1318,3240,6914,206520,1
RESULT,138,4,4,-39542,-10490,-1481,12445,16073,206520,1
RESULT,139,4,4,-36096,-7165,3085,7312,14137,206520,1
RESULT,140,4,4,-40624,-9303,4812,7084,16946,206520,1
RESULT,141,4,4,-31666,-8969,2461,1692,13317,206520,1
RESULT,142,4,4,-41194,-9577,4609,9409,17983,206520,1
RESULT,143,4,4,-27626,-6124,9325,3855,12953,206520,1
RESULT,144,4,4,-47356,-10540,3452,12195,17999,206520,1
RESULT,145,4,4,-36429,-8120,473,7350,16373,206520,1
RESULT,146,0,0,40429,15710,-25315,2768,-53035,206520,1
RESULT,147,0,0,21459,10722,-9280,-4220,-31220,206520,1
RESULT,148,0,0,15696,11058,-10190,-56,-29267,206520,1
RESULT,149,0,0,44085,17713,-23914,-137,-56915,206520,1
RESULT,150,0,0,29554,14403,-20274,1884,-44467,206520,1
RESULT,151,1,1,-2791,9525,6533,-6289,-11190,206520,1
RESULT,152,1,1,-1491,8599,-433,810,-18686,206520,1
RESULT,153,1,1,9824,9905,-17696,3650,-37692,206520,1
RESULT,154,1,1,2791,11615,-4642,147,-22842,206520,1
RESULT,155,2,2,-16991,929,8970,-1973,-248,206520,1
RESULT,156,2,2,-23007,2298,8007,-990,3831,206520,1
RESULT,157,2,2,-9267,1614,10138,-3310,89,206520,1
RESULT,158,2,2,-7538,-4301,-390,-2498,-5639,206520,1
RESULT,159,2,2,-18633,-1342,8515,-2466,-350,206520,1
RESULT,160,2,2,-17962,3327,9790,-1211,-1428,206520,1
RESULT,161,2,2,-28814,195,7335,-2493,3737,206520,1
RESULT,162,3,3,-15976,-1697,-10837,11322,-8163,206520,1
RESULT,163,3,3,-31770,-4670,1651,13397,5979,206520,1
RESULT,164,3,3,-18694,-1227,-16228,14490,-15101,206520,1
RESULT,165,3,3,-44629,-5429,-6703,18897,-1649,206520,1
RESULT,166,3,3,-25652,-1544,-10793,13364,-9233,206520,1
RESULT,167,3,3,-19206,-2216,-5355,8505,-2361,206520,1
RESULT,168,3,3,-17648,-3444,-4129,4042,355,206520,1
RESULT,169,3,3,-20212,-1875,-10582,11882,-6037,206520,1
RESULT,170,3,3,-25668,-1006,-17706,18354,-7394,206520,1
RESULT,171,4,4,-21416,-3597,6270,2089,8443,206520,1
RESULT,172,4,4,-33541,-6155,8472,1602,14313,206520,1
RESULT,173,4,4,-62479,-16101,4543,9770,29806,206520,1
RESULT,174,4,4,-61752,-19879,1167,16907,31486,206520,1
RESULT,175,4,4,-30892,-5480,4376,1966,11205,206520,1
RESULT,176,4,4,-28409,-5925,5477,5082,13771,206520,1
RESULT,177,4,4,-46224,-15221,6415,9915,25523,206520,1
RESULT,178,4,4,-36322,-12958,6134,8020,13141,206520,1
RESULT,179,0,0,28678,13492,-15329,-1346,-40562,206520,1
RESULT,180,1,1,-9516,3536,2162,269,-6834,206520,1
RESULT,181,1,1,-10651,3171,926,-2717,-8690,206520,1
RESULT,182,1,1,5358,13650,-4083,-282,-28669,206520,1
RESULT,183,1,1,9394,13704,-9669,928,-32311,206520,1
RESULT,184,2,2,-13047,4874,11673,-3900,-2868,206520,1
RESULT,185,2,2,-8870,6084,10274,-3432,-7212,206520,1
RESULT,186,2,2,-14274,1550,10965,-7059,759,206520,1
RESULT,187,2,2,-18774,-1326,12277,-6030,3380,206520,1
RESULT,188,3,3,-26634,-6069,-9233,15998,-8230,206520,1
RESULT,189,3,3,-30725,-1414,-378,9454,-3064,206520,1
RESULT,190,3,3,-26738,-3907,-511,6073,-304,206520,1
RESULT,191,3,3,-8804,-3175,-4140,2107,-3021,206520,1
RESULT,192,3,2,-15290,359,2267,1121,-1295,206520,1
RESULT,193,3,3,-29987,-7487,-13283,18479,969,206520,1
RESULT,194,3,1,-12317,2842,-862,779,-9442,206520,1
RESULT,195,4,4,-28539,-3751,8937,-1603,10695,206520,1
RESULT,196,4,4,-47147,-13102,1508,10634,23270,206520,1
RESULT,197,4,4,-36128,-7337,945,6187,7734,206520,1
RESULT,198,4,4,-41966,-10060,6797,7923,18058,206520,1
RESULT,199,4,4,-42765,-11095,7413,11015,19594,206520,1
PASS_DATASET_BATCH vectors=200
/mnt/c/Users/Eduardo/Python/CIDigitalCNN/ci-digital-cnn-verilog/tb/tb_dataset_batch.sv:74: $finish called at 414614030000 (1ps)
