RESULT,0,0,0,18879,4773,-19597,318,-35311,206520,1
RESULT,1,0,0,13280,4106,-9286,446,-27766,206520,1
RESULT,2,0,0,1160,426,-2659,-4749,-11392,206520,1
RESULT,3,0,0,14444,6661,-14579,302,-31718,206520,1
RESULT,4,0,0,16806,8499,-13766,2173,-32641,206520,1
RESULT,5,0,0,21371,8202,-17775,-1871,-38152,206520,1
RESULT,6,0,0,12676,8201,-9139,-1835,-24057,206520,1
RESULT,7,0,0,4320,443,-8338,-2267,-19618,206520,1
RESULT,8,0,0,6194,2375,-6258,-2013,-18132,206520,1
RESULT,9,0,0,7642,2122,-9827,-1127,-23807,206520,1
RESULT,10,0,0,28442,5894,-32140,3152,-52981,206520,1
RESULT,11,0,0,20139,9255,-18758,1582,-36459,206520,1
RESULT,12,0,0,5849,3698,-2898,-2624,-13964,206520,1
RESULT,13,0,0,5211,4362,-3734,-3559,-14923,206520,1
RESULT,14,0,0,11625,5914,-11630,-1270,-26337,206520,1
RESULT,15,0,0,13590,8160,-11061,325,-29107,206520,1
RESULT,16,0,0,16876,10554,-13496,944,-31977,206520,1
RESULT,17,0,0,6911,6772,-2918,-4610,-17042,206520,1
RESULT,18,0,0,19634,4193,-21187,2703,-41723,206520,1
RESULT,19,0,0,20207,8310,-19539,1256,-34321,206520,1
RESULT,20,0,0,8620,7232,-3116,-4413,-19669,206520,1
RESULT,21,0,0,15885,9560,-12209,-1288,-30077,206520,1
RESULT,22,0,0,15788,5681,-16074,-612,-32434,206520,1
RESULT,23,0,0,8435,6845,-2224,-3973,-18461,206520,1
RESULT,24,0,0,22060,6415,-22546,3243,-37288,206520,1
RESULT,25,0,0,7693,4742,-6191,-2339,-18933,206520,1
RESULT,26,0,0,-1702,-3361,-5260,-4397,-13349,206520,1
RESULT,27,0,0,22809,6882,-22488,734,-43264,206520,1
RESULT,28,0,0,10867,5017,-10384,-1944,-25166,206520,1
RESULT,29,0,0,15871,7395,-15616,432,-34323,206520,1
RESULT,30,0,0,17512,8645,-15978,816,-32978,206520,1
RESULT,31,0,0,10299,4718,-10642,-1095,-23034,206520,1
RESULT,32,0,1,3185,3264,-3117,-2768,-12676,206520,1
RESULT,33,0,0,24289,9187,-23706,3229,-44022,206520,1
RESULT,34,1,1,-5475,903,-1027,-2326,-9936,206520,1
RESULT,35,1,0,3821,2628,-6970,-340,-16723,206520,1
RESULT,36,1,1,5062,5744,-8376,468,-22705,206520,1
RESULT,37,1,1,-3932,3054,1561,-2416,-4760,206520,1
RESULT,38,1,1,2957,3667,-5874,-318,-14871,206520,1
RESULT,39,1,1,3728,5703,-8604,563,-21230,206520,1
RESULT,40,1,1,4907,5578,-8537,-2041,-18343,206520,1
RESULT,41,1,1,2526,5857,-2514,-2685,-14829,206520,1
RESULT,42,1,1,-106,3025,2170,-2131,-7471,206520,1
RESULT,43,1,2,46,3569,3907,-4095,-8591,206520,1
RESULT,44,1,1,-1392,1334,-4169,-2477,-13035,206520,1
RESULT,45,1,1,559,4222,-4178,-725,-13713,206520,1
RESULT,46,1,1,-4425,3178,2549,-4630,-6410,206520,1
RESULT,47,1,1,4793,6488,-10774,1626,-22547,206520,1
RESULT,48,1,1,-1099,654,-5764,225,-11480,206520,1
RESULT,49,1,1,5607,7085,-5492,-967,-19636,206520,1
RESULT,50,1,1,4432,4999,-5650,-2339,-16740,206520,1
RESULT,51,1,1,1434,5531,-4692,-851,-14952,206520,1
RESULT,52,1,1,-3897,1286,370,-3475,-9677,206520,1
RESULT,53,1,1,-1252,3427,-462,-2913,-9184,206520,1
RESULT,54,1,1,272,2542,-5198,-205,-12071,206520,1
RESULT,55,1,0,5735,4510,-5473,-3789,-17861,206520,1
RESULT,56,1,1,326,4654,-2255,-750,-13498,206520,1
RESULT,57,1,1,1001,5467,-2530,-3168,-13590,206520,1
RESULT,58,1,1,2751,3591,-6422,-806,-19272,206520,1
RESULT,59,1,1,-296,4036,-94,-2595,-8942,206520,1
RESULT,60,1,1,362,3760,3624,-5181,-6997,206520,1
RESULT,61,1,1,-726,5129,2488,-5644,-7275,206520,1
RESULT,62,1,1,-342,3888,-655,-1798,-8632,206520,1
RESULT,63,1,1,-412,3859,-520,-2420,-8883,206520,1
RESULT,64,1,1,-407,1968,-2307,-2980,-10747,206520,1
RESULT,65,1,1,-1094,2306,-742,-3068,-7862,206520,1
RESULT,66,2,2,-7205,-820,1773,-2042,-877,206520,1
RESULT,67,2,2,-5756,1690,3207,-2732,-4604,206520,1
RESULT,68,2,2,-5134,-2489,1948,-3271,-2111,206520,1
RESULT,69,2,2,-8544,-329,6217,-4880,606,206520,1
RESULT,70,2,2,-8453,-1147,4338,-1706,961,206520,1
RESULT,71,2,2,-4168,1903,2735,-3846,-4449,206520,1
RESULT,72,2,2,-6058,136,2968,-2155,-1697,206520,1
RESULT,73,2,2,-8554,-277,4015,-3676,1152,206520,1
RESULT,74,2,2,-7222,-78,3366,-2768,-1441,206520,1
RESULT,75,2,2,-7903,-1452,2148,-2537,-1150,206520,1
RESULT,76,2,1,-4110,727,-656,-2287,-4157,206520,1
RESULT,77,2,2,-7769,-2037,1949,-451,-5,206520,1
RESULT,78,2,2,-9086,546,3129,-1487,-3912,206520,1
RESULT,79,2,2,-10037,-1765,3256,-1506,-584,206520,1
RESULT,80,2,2,-4796,-144,3116,-2450,-3489,206520,1
RESULT,81,2,2,-6773,-1794,2805,-1613,-782,206520,1
RESULT,82,2,2,-9448,-937,2956,-3957,-2842,206520,1
RESULT,83,2,2,-9114,-103,1297,-4396,-2012,206520,1
RESULT,84,2,2,-4086,-286,482,-1934,-3916,206520,1
RESULT,85,2,1,-1974,2333,1300,-3487,-10785,206520,1
RESULT,86,2,2,-8180,-2734,2832,-3247,1308,206520,1
RESULT,87,2,2,-14963,-418,3803,-1002,-668,206520,1
RESULT,88,2,1,-5083,-67,-68,-2155,-5289,206520,1
RESULT,89,2,4,-27213,-6128,-2408,-366,2832,206520,1
RESULT,90,2,2,-14066,-161,5433,-2292,195,206520,1
RESULT,91,2,2,-4945,-52,5529,-4283,121,206520,1
RESULT,92,2,2,-2584,1448,2394,-3275,-8588,206520,1
RESULT,93,2,2,-10880,1406,4164,-2709,-3551,206520,1
RESULT,94,2,2,-9967,-1125,3017,-1449,-282,206520,1
RESULT,95,3,3,-12665,-2019,-4356,1079,-5334,206520,1
RESULT,96,3,3,-19170,-7430,-6637,7729,28,206520,1
RESULT,97,3,3,-11956,-4823,-6284,997,-4379,206520,1
RESULT,98,3,3,-5767,-1349,-5059,3945,-7589,206520,1
RESULT,99,3,3,-3479,-767,-7835,3190,-8389,206520,1
RESULT,100,3,3,-12352,-1289,-5331,3115,-5029,206520,1
RESULT,101,3,3,-10122,-3985,-8511,9457,-10900,206520,1
RESULT,102,3,3,-10245,-4378,-7333,3243,-5629,206520,1
RESULT,103,3,3,-9302,-1605,-3225,3686,-6038,206520,1
RESULT,104,3,3,-12677,-4787,-5292,3915,-2110,206520,1
RESULT,105,3,4,-21183,-5911,-1334,1998,3134,206520,1
RESULT,106,3,3,-9967,-3324,-3016,-1611,-2929,206520,1
RESULT,107,3,3,-9322,-2802,-2786,1095,588,206520,1
RESULT,108,3,3,-8757,-1176,-2159,1785,-2994,206520,1
RESULT,109,3,3,-11422,-5113,-15325,6517,-16963,206520,1
RESULT,110,3,3,-11300,-4535,-9411,4873,-8004,206520,1
RESULT,111,3,3,-16643,-4443,-12038,6283,-7102,206520,1
RESULT,112,3,3,-8250,-2781,-1474,2432,-841,206520,1
RESULT,113,3,3,-15951,-1903,-5919,3162,-1370,206520,1
RESULT,114,3,3,-17106,-7202,-3302,3063,2834,206520,1
RESULT,115,3,3,-4271,-1284,-13509,5005,-15013,206520,1
RESULT,116,3,3,-7412,-2246,-3442,2242,-3869,206520,1
RESULT,117,3,3,-8122,-5140,-4339,-3011,-5633,206520,1
RESULT,118,3,3,-14983,-5208,-7078,2427,-921,206520,1
RESULT,119,4,4,-17490,-5585,-2292,2144,3227,206520,1
RESULT,120,4,4,-13948,-4052,1346,291,5885,206520,1
RESULT,121,4,4,-27241,-10143,2655,4321,12232,206520,1
RESULT,122,4,4,-20801,-4981,2545,213,8963,206520,1
RESULT,123,4,4,-24743,-7059,468,3826,8849,206520,1
RESULT,124,4,2,-18037,-2464,2098,217,976,206520,1
RESULT,125,4,4,-23138,-7622,-3754,4982,6219,206520,1
RESULT,126,4,4,-18534,-4032,-469,486,3181,206520,1
RESULT,127,4,2,-17879,-2225,4635,-448,3387,206520,1
RESULT,128,4,4,-20021,-4713,-696,1519,5830,206520,1
RESULT,129,4,4,-16286,-4001,-526,2876,6852,206520,1
RESULT,130,4,4,-23889,-9953,988,6228,12722,206520,1
RESULT,131,4,4,-24300,-8570,-4142,6721,7776,206520,1
RESULT,132,4,4,-21098,-5525,-686,2481,8717,206520,1
RESULT,133,4,4,-20292,-6491,-429,2851,7579,206520,1
RESULT,134,4,4,-9281,-3141,1770,745,2643,206520,1
RESULT,135,4,4,-15590,-5701,-579,741,2832,206520,1
RESULT,136,4,2,-11133,-1896,3389,-2301,1650,206520,1
RESULT,137,4,4,-15369,-4177,-1284,-1478,2208,206520,1
RESULT,138,4,4,-23666,-5989,632,3795,6305,206520,1
RESULT,139,4,4,-15757,-4452,-1680,1244,4812,206520,1
RESULT,140,4,4,-17907,-5805,358,2854,6346,206520,1
RESULT,141,4,4,-18721,-3437,-995,1734,5115,206520,1
RESULT,142,4,4,-18570,-5480,2906,1936,5776,206520,1
RESULT,143,4,4,-14928,-3895,4058,-1015,5540,206520,1
RESULT,144,4,4,-20780,-7522,-733,3841,6597,206520,1
RESULT,145,4,4,-17527,-6642,-3078,3779,4779,206520,1
RESULT,146,0,0,18179,7294,-15393,665,-32073,206520,1
RESULT,147,0,0,10052,5002,-6848,-2801,-18183,206520,1
RESULT,148,0,0,6438,4285,-6320,-1658,-18210,206520,1
RESULT,149,0,0,19928,7605,-15650,-1168,-32896,206520,1
RESULT,150,0,0,15289,7696,-11004,-1788,-26931,206520,1
RESULT,151,1,1,-832,3749,1432,-3264,-6317,206520,1
RESULT,152,1,1,-1453,3149,-2538,-1260,-11878,206520,1
RESULT,153,1,1,4899,5112,-10627,-1474,-23782,206520,1
RESULT,154,1,1,2933,5403,-2473,-1559,-14387,206520,1
RESULT,155,2,2,-9444,998,6188,-3795,-2496,206520,1
RESULT,156,2,2,-8979,1081,4088,-2439,-1355,206520,1
RESULT,157,2,2,-6273,-5,3558,-2495,-2880,206520,1
RESULT,158,2,2,-8557,-2699,1531,-5625,-3627,206520,1
RESULT,159,2,2,-8330,-2884,4497,-4804,-335,206520,1
RESULT,160,2,2,-5217,892,3563,-3303,-3713,206520,1
RESULT,161,2,2,-11558,-2623,2506,-3989,-1387,206520,1
RESULT,162,3,3,-9965,-2203,-8841,2739,-6431,206520,1
RESULT,163,3,3,-13961,-2880,-1698,3237,-214,206520,1
RESULT,164,3,3,-16853,-3398,-11444,6660,-9921,206520,1
RESULT,165,3,3,-19589,-9612,-12917,7324,-5125,206520,1
RESULT,166,3,3,-7630,-3492,-9548,4250,-9152,206520,1
RESULT,167,3,3,-17072,-3758,-3416,5669,-2027,206520,1
RESULT,168,3,3,-13089,-4958,-6741,916,-3750,206520,1
RESULT,169,3,3,-7558,-2113,-7719,3796,-6293,206520,1
RESULT,170,3,3,-14710,-4718,-7132,5508,-1617,206520,1
RESULT,171,4,4,-7527,-1777,96,-1113,623,206520,1
RESULT,172,4,4,-15515,-5528,1017,345,4856,206520,1
RESULT,173,4,4,-30817,-11377,1064,3232,15576,206520,1
RESULT,174,4,4,-33158,-11580,-139,5629,14210,206520,1
RESULT,175,4,4,-15418,-5940,-99,1810,5877,206520,1
RESULT,176,4,4,-19971,-4816,1499,2464,5033,206520,1
RESULT,177,4,4,-27676,-9456,3580,5157,11193,206520,1
RESULT,178,4,3,-16505,-7700,-1134,4794,4700,206520,1
RESULT,179,0,0,12515,5699,-9438,-2105,-22376,206520,1
RESULT,180,1,1,-5331,1048,-810,-5090,-6334,206520,1
RESULT,181,1,1,-859,249,-2363,-3305,-8622,206520,1
RESULT,182,1,1,2651,6128,-3454,-2245,-16441,206520,1
RESULT,183,1,1,4100,5887,-8075,-288,-19516,206520,1
RESULT,184,2,2,-5504,350,3348,-3017,-1924,206520,1
RESULT,185,2,2,-6672,2166,4081,-3974,-4025,206520,1
RESULT,186,2,2,-9139,23,4590,-3652,1285,206520,1
RESULT,187,2,2,-9864,-1540,5260,-2960,1573,206520,1
RESULT,188,3,3,-16543,-4078,-8486,6290,-7885,206520,1
RESULT,189,3,3,-12241,-3104,-6113,4215,-2156,206520,1
RESULT,190,3,3,-10710,-5167,-3637,2851,-5688,206520,1
RESULT,191,3,3,-10584,-4367,-5071,994,-3292,206520,1
RESULT,192,3,3,-8691,-968,-376,291,-1203,206520,1
RESULT,193,3,3,-9438,-4157,-6095,5386,-4126,206520,1
RESULT,194,3,3,-7189,-341,-2511,1073,-5775,206520,1
RESULT,195,4,4,-15222,-5510,1549,303,5804,206520,1
RESULT,196,4,4,-22389,-5816,966,1969,8781,206520,1
RESULT,197,4,3,-15846,-4700,-3660,3014,2474,206520,1
RESULT,198,4,4,-19504,-5298,4833,1379,6312,206520,1
RESULT,199,4,4,-23240,-7332,3716,4588,9254,206520,1
PASS_DATASET_BATCH vectors=200
/mnt/c/Users/Eduardo/Python/CIDigitalCNN/ci-digital-cnn-verilog/tb/tb_dataset_batch.sv:74: $finish called at 414614030000 (1ps)
