RESULT,0,0,0,68000,27086,-64999,-6022,-101910,206520,1
RESULT,1,0,0,61152,28644,-38972,-21139,-101918,206520,1
RESULT,2,0,0,22707,10451,-14688,-11384,-43464,206520,1
RESULT,3,0,0,51892,35980,-42209,-21864,-107155,206520,1
RESULT,4,0,0,53312,35505,-36312,-23056,-109421,206520,1
RESULT,5,0,0,75342,29647,-64366,-14141,-110497,206520,1
RESULT,6,0,0,29849,20920,-24175,-11743,-72646,206520,1
RESULT,7,0,0,42493,18816,-27224,-5159,-81844,206520,1
RESULT,8,0,0,26172,10172,-20454,-11237,-61999,206520,1
RESULT,9,0,0,20519,12577,-17393,-23037,-65588,206520,1
RESULT,10,0,0,100702,34324,-107164,127,-157132,206520,1
RESULT,11,0,0,72294,28465,-66026,-1546,-118811,206520,1
RESULT,12,0,0,18362,8531,-18090,-12979,-40243,206520,1
RESULT,13,0,0,16952,8136,-15008,-12225,-44376,206520,1
RESULT,14,0,0,50107,33141,-35629,-22558,-96437,206520,1
RESULT,15,0,0,48453,34646,-30055,-24666,-102859,206520,1
RESULT,16,0,0,48341,34057,-45912,-12143,-109142,206520,1
RESULT,17,0,1,13422,17303,-8441,-18626,-50696,206520,1
RESULT,18,0,0,70416,25400,-73490,-1712,-129725,206520,1
RESULT,19,0,0,87186,30387,-76587,-1019,-123486,206520,1
RESULT,20,0,1,14079,17554,-14502,-17688,-54866,206520,1
RESULT,21,0,0,49756,32179,-44608,-7118,-112667,206520,1
RESULT,22,0,0,53339,26458,-54503,-13943,-95422,206520,1
RESULT,23,0,1,2941,12628,-12551,-14606,-46610,206520,1
RESULT,24,0,0,84895,26796,-80182,2341,-119364,206520,1
RESULT,25,0,0,23012,11369,-18978,-14602,-54904,206520,1
RESULT,26,0,0,20861,7954,-14306,-9193,-48247,206520,1
RESULT,27,0,0,79869,31408,-78662,-8198,-130829,206520,1
RESULT,28,0,0,50160,25591,-39517,-5048,-104863,206520,1
RESULT,29,0,0,39660,25572,-51228,-11372,-91597,206520,1
RESULT,30,0,0,58963,27966,-59581,-2759,-100361,206520,1
RESULT,31,0,0,47061,16658,-36197,-5190,-86608,206520,1
RESULT,32,0,0,12205,4679,-13019,-11555,-38256,206520,1
RESULT,33,0,0,91645,37638,-82403,-2839,-151052,206520,1
RESULT,34,1,0,12119,12066,-7096,-11785,-51161,206520,1
RESULT,35,1,0,20691,8275,-29858,1897,-69305,206520,1
RESULT,36,1,1,9255,21176,-31113,-14466,-66108,206520,1
RESULT,37,1,1,-4636,14869,7016,-17672,-33899,206520,1
RESULT,38,1,0,15258,11476,-17412,-6419,-61507,206520,1
RESULT,39,1,1,12296,21316,-32112,-7051,-70199,206520,1
RESULT,40,1,1,5801,10255,-15230,-12510,-45943,206520,1
RESULT,41,1,1,1780,19511,-14319,-14362,-55153,206520,1
RESULT,42,1,2,-21159,5772,13894,-15204,-15699,206520,1
RESULT,43,1,2,-11054,6687,15269,-29542,-33236,206520,1
RESULT,44,1,1,-8431,8727,-14281,-18175,-36057,206520,1
RESULT,45,1,1,1401,17220,-19379,-16263,-56471,206520,1
RESULT,46,1,1,-11359,11297,4705,-21470,-24037,206520,1
RESULT,47,1,1,20579,22394,-35044,-3411,-91936,206520,1
RESULT,48,1,1,-8723,7307,-20144,-7642,-33331,206520,1
RESULT,49,1,1,24555,27712,-26313,-18060,-77079,206520,1
RESULT,50,1,0,17930,14585,-27265,-11643,-57599,206520,1
RESULT,51,1,1,-6346,15178,-20140,-9589,-48447,206520,1
RESULT,52,1,1,-242,9300,6471,-16239,-34072,206520,1
RESULT,53,1,1,-4466,9256,-1244,-16884,-31870,206520,1
RESULT,54,1,1,-3838,9294,-15928,-4496,-43063,206520,1
RESULT,55,1,0,21223,16484,-23855,-19712,-59045,206520,1
RESULT,56,1,1,-16239,9469,-9927,-12363,-41411,206520,1
RESULT,57,1,1,-1553,13045,-3729,-20051,-38531,206520,1
RESULT,58,1,1,2125,16673,-23475,-12471,-58262,206520,1
RESULT,59,1,1,15045,19097,-4176,-20701,-59123,206520,1
RESULT,60,1,2,-21136,2270,11964,-15730,-16869,206520,1
RESULT,61,1,1,-8216,13320,11032,-26507,-25966,206520,1
RESULT,62,1,1,-15441,10402,-3502,-10932,-35839,206520,1
RESULT,63,1,1,-16786,3231,2610,-11492,-23055,206520,1
RESULT,64,1,1,-8200,2754,-5753,-11671,-25521,206520,1
RESULT,65,1,1,3781,10081,1510,-18752,-32721,206520,1
RESULT,66,2,2,-45248,-4957,7236,-18099,-9189,206520,1
RESULT,67,2,2,-31713,3668,10680,-14600,-7830,206520,1
RESULT,68,2,2,-16922,-3215,9119,-12968,-7545,206520,1
RESULT,69,2,2,-43673,-5995,18438,-17430,11931,206520,1
RESULT,70,2,2,-20297,-1798,21185,-16241,-3472,206520,1
RESULT,71,2,2,-18403,1304,8081,-16836,-19742,206520,1
RESULT,72,2,2,-51740,-5465,13064,-11665,5516,206520,1
RESULT,73,2,2,-32801,-1320,13902,-19280,-503,206520,1
RESULT,74,2,2,-25366,-5155,7417,-9220,-7548,206520,1
RESULT,75,2,2,-28316,-3790,4151,-6704,-2386,206520,1
RESULT,76,2,2,-26261,1397,3827,-15020,-8397,206520,1
RESULT,77,2,2,-33774,-11274,12996,-9802,-1818,206520,1
RESULT,78,2,2,-22241,784,13629,-7071,-12095,206520,1
RESULT,79,2,2,-60796,-15295,10277,-1741,-7024,206520,1
RESULT,80,2,2,-33985,1992,8835,-13820,-13637,206520,1
RESULT,81,2,2,-28740,-7775,15900,-13431,-11018,206520,1
RESULT,82,2,2,-38443,-755,9223,-18508,-5333,206520,1
RESULT,83,2,2,-16331,1763,8584,-12806,-323,206520,1
RESULT,84,2,2,-15865,-1504,4353,-8961,-12661,206520,1
RESULT,85,2,1,-16431,5269,3725,-22418,-27734,206520,1
RESULT,86,2,2,-25909,-4781,13328,-15880,-279,206520,1
RESULT,87,2,2,-26920,3690,8480,-11701,-16699,206520,1
RESULT,88,2,2,-25701,-304,7866,-19502,-12514,206520,1
RESULT,89,2,4,-37334,-10699,-8378,-10523,-1769,206520,1
RESULT,90,2,2,-25406,936,16899,-15024,-14201,206520,1
RESULT,91,2,2,-21994,1039,16842,-22960,-6709,206520,1
RESULT,92,2,1,-24475,4119,1524,-12641,-30466,206520,1
RESULT,93,2,2,-19177,8278,12100,-13028,-22247,206520,1
RESULT,94,2,2,-26444,-7465,7850,-9691,-5231,206520,1
RESULT,95,3,3,-40426,-13303,-10507,11097,-11568,206520,1
RESULT,96,3,3,-92042,-29669,-17495,26863,12244,206520,1
RESULT,97,3,3,-6601,-3555,-16263,2068,-28634,206520,1
RESULT,98,3,3,-19761,-7701,-27445,5202,-31411,206520,1
RESULT,99,3,3,-34576,-6849,-12654,7307,-13837,206520,1
RESULT,100,3,3,-32398,-7633,-19375,7940,-23729,206520,1
RESULT,101,3,3,-47603,-16833,-39886,18445,-20820,206520,1
RESULT,102,3,3,-49057,-15863,-29743,17542,-6918,206520,1
RESULT,103,3,3,-50331,-6233,-11295,11459,-17275,206520,1
RESULT,104,3,3,-52212,-16552,-19591,13423,-9607,206520,1
RESULT,105,3,4,-53130,-20469,-711,5992,17042,206520,1
RESULT,106,3,3,-21631,-11424,-4991,-2695,-5464,206520,1
RESULT,107,3,4,-33826,-10096,-10481,801,3262,206520,1
RESULT,108,3,1,-15099,2765,-7561,-11248,-23980,206520,1
RESULT,109,3,3,-57223,-20899,-45477,11436,-27300,206520,1
RESULT,110,3,3,-35478,-19767,-43556,15942,-31315,206520,1
RESULT,111,3,3,-40727,-17390,-26509,11081,-22522,206520,1
RESULT,112,3,4,-39013,-12681,1620,1490,4058,206520,1
RESULT,113,3,3,-33512,-3506,-10678,-3201,-17914,206520,1
RESULT,114,3,4,-44867,-17239,-2258,-1174,4376,206520,1
RESULT,115,3,3,-26435,-3700,-52430,19891,-56801,206520,1
RESULT,116,3,3,-36743,-5974,-9722,-4633,-17150,206520,1
RESULT,117,3,3,-37142,-6637,-4329,-1626,-10489,206520,1
RESULT,118,3,3,-62058,-20507,-10895,15711,12549,206520,1
RESULT,119,4,4,-68344,-20120,-1892,7940,19518,206520,1
RESULT,120,4,4,-60421,-18001,12036,-4116,24875,206520,1
RESULT,121,4,4,-96522,-36444,8270,16964,40763,206520,1
RESULT,122,4,4,-120524,-37167,6121,12925,52700,206520,1
RESULT,123,4,4,-84869,-31742,1144,14139,29021,206520,1
RESULT,124,4,4,-94980,-14569,13623,8176,23874,206520,1
RESULT,125,4,4,-87062,-28150,3336,12115,23508,206520,1
RESULT,126,4,4,-54776,-14712,4072,3640,17727,206520,1
RESULT,127,4,2,-79595,-10201,21801,-1223,20636,206520,1
RESULT,128,4,4,-66042,-14614,-5506,-1040,8018,206520,1
RESULT,129,4,4,-52478,-11042,2390,-3650,15779,206520,1
RESULT,130,4,4,-66323,-28241,9504,7983,29689,206520,1
RESULT,131,4,4,-94552,-28149,29,14714,36645,206520,1
RESULT,132,4,4,-102465,-26129,559,7156,38444,206520,1
RESULT,133,4,4,-82999,-29827,3189,9437,30183,206520,1
RESULT,134,4,2,-31821,-9299,13447,-8713,7787,206520,1
RESULT,135,4,4,-49943,-7148,5285,-4780,10942,206520,1
RESULT,136,4,2,-33772,-5082,11292,-8137,9747,206520,1
RESULT,137,4,2,-23707,-8085,-5577,-9915,-8733,206520,1
RESULT,138,4,4,-109680,-36093,-3785,19696,34141,206520,1
RESULT,139,4,4,-58244,-20512,4505,8358,19551,206520,1
RESULT,140,4,4,-69361,-22460,9236,6184,26438,206520,1
RESULT,141,4,4,-45362,-8734,-2726,-6195,11080,206520,1
RESULT,142,4,4,-79027,-19024,11262,8542,25184,206520,1
RESULT,143,4,4,-94359,-21189,18056,3014,30052,206520,1
RESULT,144,4,4,-88120,-25284,6254,7675,33647,206520,1
RESULT,145,4,4,-64243,-17431,-1999,7646,17780,206520,1
RESULT,146,0,0,62348,21279,-51409,-9200,-90079,206520,1
RESULT,147,0,0,36811,16020,-27023,-15296,-56390,206520,1
RESULT,148,0,0,20391,11726,-17928,-12435,-51140,206520,1
RESULT,149,0,0,66787,21134,-53864,-10871,-95368,206520,1
RESULT,150,0,0,50817,22965,-43752,-11826,-79982,206520,1
RESULT,151,1,1,2369,16407,6183,-17419,-38426,206520,1
RESULT,152,1,1,-17017,5161,-8693,-7642,-30450,206520,1
RESULT,153,1,1,4805,14634,-42892,-3909,-62740,206520,1
RESULT,154,1,1,-862,11658,-16242,-14628,-51882,206520,1
RESULT,155,2,2,-49473,-6727,20580,-12358,-2930,206520,1
RESULT,156,2,2,-41155,3297,15100,-15810,-8639,206520,1
RESULT,157,2,2,-15870,-1625,13106,-18786,-15669,206520,1
RESULT,158,2,4,-20642,-12892,-9966,-5833,-3956,206520,1
RESULT,159,2,2,-46624,-12181,16417,-14168,-3525,206520,1
RESULT,160,2,2,-34230,1124,12486,-14085,-15533,206520,1
RESULT,161,2,2,-42995,-4237,10026,-17436,-4133,206520,1
RESULT,162,3,3,-49134,-16394,-18255,12496,-8993,206520,1
RESULT,163,3,3,-76807,-14359,4296,14524,11471,206520,1
RESULT,164,3,3,-42041,-14843,-41120,23192,-27447,206520,1
RESULT,165,3,3,-96031,-22896,-31863,21003,2619,206520,1
RESULT,166,3,3,-31421,-11005,-28935,9953,-31833,206520,1
RESULT,167,3,3,-77406,-23096,-8100,6467,-3715,206520,1
RESULT,168,3,2,-42136,-6062,2763,-7265,-5009,206520,1
RESULT,169,3,3,-53974,-15786,-19610,14813,-5456,206520,1
RESULT,170,3,3,-59620,-20161,-37857,22457,-13488,206520,1
RESULT,171,4,4,-44776,-10540,10868,-3217,16993,206520,1
RESULT,172,4,4,-45456,-11118,9591,-6244,11038,206520,1
RESULT,173,4,4,-102863,-39643,-3733,18754,45101,206520,1
RESULT,174,4,4,-92204,-37647,6731,13490,38942,206520,1
RESULT,175,4,4,-69769,-23906,2708,713,20360,206520,1
RESULT,176,4,4,-50595,-13755,2440,4560,11427,206520,1
RESULT,177,4,4,-122564,-50262,8471,16440,62419,206520,1
RESULT,178,4,4,-50474,-15660,6795,-281,13311,206520,1
RESULT,179,0,0,43452,16775,-34705,-14144,-67547,206520,1
RESULT,180,1,1,-17336,5567,4852,-15348,-12878,206520,1
RESULT,181,1,2,-15590,155,1474,-10580,-16579,206520,1
RESULT,182,1,1,4160,15146,-15813,-11346,-53799,206520,1
RESULT,183,1,1,15514,17016,-27806,-7077,-72962,206520,1
RESULT,184,2,2,-25362,-700,10780,-16598,-14685,206520,1
RESULT,185,2,2,-22906,6135,12568,-15012,-14119,206520,1
RESULT,186,2,2,-23652,1215,17446,-21575,-4706,206520,1
RESULT,187,2,2,-28890,-5384,15921,-17739,137,206520,1
RESULT,188,3,3,-80135,-30729,-27183,30409,-874,206520,1
RESULT,189,3,3,-54925,-11890,-21576,9123,-3688,206520,1
RESULT,190,3,3,-58328,-16683,-9131,2043,-8905,206520,1
RESULT,191,3,3,-12829,-3536,-8510,-795,-21138,206520,1
RESULT,192,3,2,-30223,-5853,-1591,-8881,-12673,206520,1
RESULT,193,3,3,-71063,-21933,-19660,18902,2232,206520,1
RESULT,194,3,1,-32159,120,-9034,-7885,-22407,206520,1
RESULT,195,4,4,-42547,-12737,7809,-4152,14818,206520,1
RESULT,196,4,4,-90733,-30494,1186,14010,33703,206520,1
RESULT,197,4,4,-49971,-11443,-10769,316,7938,206520,1
RESULT,198,4,4,-72441,-24442,8613,9405,24020,206520,1
RESULT,199,4,4,-64672,-22622,5177,12530,20867,206520,1
PASS_DATASET_BATCH vectors=200
/mnt/c/Users/Eduardo/Python/CIDigitalCNN/ci-digital-cnn-verilog/tb/tb_dataset_batch.sv:74: $finish called at 414614030000 (1ps)
