RESULT,0,0,0,57621,15256,-66525,-3254,-90811,206520,1
RESULT,1,0,0,46593,5848,-32550,-6871,-69735,206520,1
RESULT,2,0,1,1272,1984,-5501,-12106,-31138,206520,1
RESULT,3,0,0,41322,20556,-39299,-8567,-77560,206520,1
RESULT,4,0,0,34515,22871,-33545,-6991,-75175,206520,1
RESULT,5,0,0,58258,22632,-57698,-14419,-94428,206520,1
RESULT,6,0,0,32427,24680,-33668,-5906,-75664,206520,1
RESULT,7,0,0,33820,1000,-16519,-13339,-64292,206520,1
RESULT,8,0,0,11040,7988,-16010,-10732,-52626,206520,1
RESULT,9,0,0,17737,3755,-24702,-10845,-51610,206520,1
RESULT,10,0,0,99237,18227,-103721,2503,-140110,206520,1
RESULT,11,0,0,66420,28620,-63221,-4935,-105064,206520,1
RESULT,12,0,0,13926,10147,-12378,-16928,-37727,206520,1
RESULT,13,0,0,9608,7376,-17452,-8701,-43187,206520,1
RESULT,14,0,0,38822,17319,-31981,-10921,-67731,206520,1
RESULT,15,0,0,32963,23672,-27901,-10521,-72134,206520,1
RESULT,16,0,0,42721,28244,-45173,-2644,-84274,206520,1
RESULT,17,0,1,6789,14973,-11471,-9253,-46118,206520,1
RESULT,18,0,0,73546,6078,-71025,7104,-114789,206520,1
RESULT,19,0,0,74904,25085,-75116,-3399,-105196,206520,1
RESULT,20,0,1,13534,17095,-14416,-9980,-49937,206520,1
RESULT,21,0,0,43298,28848,-35684,-7004,-92574,206520,1
RESULT,22,0,0,47412,17322,-48398,-7305,-81548,206520,1
RESULT,23,0,1,8466,15881,-7863,-10267,-47357,206520,1
RESULT,24,0,0,76424,19285,-75362,-1746,-104120,206520,1
RESULT,25,0,0,15655,9602,-23966,-6485,-54654,206520,1
RESULT,26,0,0,5405,-8251,-7639,-15418,-30567,206520,1
RESULT,27,0,0,70965,15721,-74116,-1595,-103229,206520,1
RESULT,28,0,0,36479,17339,-25142,-10507,-80003,206520,1
RESULT,29,0,0,47057,28352,-54118,-6960,-96759,206520,1
RESULT,30,0,0,57159,28599,-64744,-1480,-98883,206520,1
RESULT,31,0,0,35067,13789,-27409,-6877,-70333,206520,1
RESULT,32,0,1,6186,7727,-14701,-11082,-38793,206520,1
RESULT,33,0,0,84642,26687,-82382,2066,-129602,206520,1
RESULT,34,1,1,-1144,9697,-5253,-10435,-40089,206520,1
RESULT,35,1,0,9821,7505,-21378,-4318,-53735,206520,1
RESULT,36,1,0,19519,16941,-36140,-5556,-62640,206520,1
RESULT,37,1,1,-14083,10337,3999,-9264,-21120,206520,1
RESULT,38,1,1,6391,9494,-19592,-1042,-49736,206520,1
RESULT,39,1,1,10161,18453,-30653,729,-60034,206520,1
RESULT,40,1,0,19050,13864,-32674,-7284,-58434,206520,1
RESULT,41,1,1,4823,19624,-11936,-10460,-46355,206520,1
RESULT,42,1,2,-21073,8580,12835,-9266,-11239,206520,1
RESULT,43,1,2,-12318,5655,8757,-10165,-19926,206520,1
RESULT,44,1,1,-6887,1125,-14130,-6076,-27531,206520,1
RESULT,45,1,1,4240,15793,-14962,-10271,-47880,206520,1
RESULT,46,1,2,-19745,7686,8823,-11133,-13020,206520,1
RESULT,47,1,1,18454,21348,-38306,2000,-75754,206520,1
RESULT,48,1,1,-1915,6885,-20939,-4978,-36073,206520,1
RESULT,49,1,0,22608,19992,-26446,-8627,-59536,206520,1
RESULT,50,1,1,14795,16448,-28284,-9783,-53386,206520,1
RESULT,51,1,1,-812,17265,-21027,-3180,-44888,206520,1
RESULT,52,1,1,-21299,4467,-1533,-9187,-20882,206520,1
RESULT,53,1,1,-8477,7321,-6876,-6027,-26256,206520,1
RESULT,54,1,1,335,7482,-14806,-1212,-38432,206520,1
RESULT,55,1,1,6606,9790,-18002,-13098,-42376,206520,1
RESULT,56,1,1,-3179,19590,-7813,-11777,-40429,206520,1
RESULT,57,1,1,381,16769,-11032,-11535,-38365,206520,1
RESULT,58,1,1,6598,13290,-24480,-4367,-51139,206520,1
RESULT,59,1,1,304,12915,-3692,-12601,-31774,206520,1
RESULT,60,1,2,-10248,3268,13418,-13693,-18186,206520,1
RESULT,61,1,1,-7064,12475,11735,-18836,-20953,206520,1
RESULT,62,1,1,-6092,10745,1725,-11955,-24898,206520,1
RESULT,63,1,1,-16694,5812,2032,-7823,-22350,206520,1
RESULT,64,1,1,431,7493,-10629,-12849,-33703,206520,1
RESULT,65,1,1,-7806,5663,-1179,-10803,-27679,206520,1
RESULT,66,2,4,-47937,-11925,-4540,1978,6732,206520,1
RESULT,67,2,2,-37517,-31,9552,-3068,-4275,206520,1
RESULT,68,2,2,-24645,-6871,6929,-11920,-3009,206520,1
RESULT,69,2,2,-41650,-6908,16510,-7657,5158,206520,1
RESULT,70,2,2,-28066,-5396,14109,-9337,3759,206520,1
RESULT,71,2,2,-16124,-712,5287,-11114,-14904,206520,1
RESULT,72,2,2,-45214,-2238,11182,-5217,3515,206520,1
RESULT,73,2,2,-35032,-3142,13584,-11224,2997,206520,1
RESULT,74,2,2,-25535,-3760,12017,-11793,-6391,206520,1
RESULT,75,2,2,-35676,1167,9995,-12472,-3315,206520,1
RESULT,76,2,1,-15748,4990,2247,-12623,-12724,206520,1
RESULT,77,2,2,-34198,-8091,14297,-10793,2294,206520,1
RESULT,78,2,2,-43148,-2784,13400,-3920,406,206520,1
RESULT,79,2,2,-28338,-8852,10416,-1594,-14116,206520,1
RESULT,80,2,2,-28452,-191,5437,-2778,-10967,206520,1
RESULT,81,2,2,-27051,-6388,13715,-12366,-4276,206520,1
RESULT,82,2,2,-33294,-4751,8409,-16014,-3505,206520,1
RESULT,83,2,2,-29720,-5380,4333,-5749,-3202,206520,1
RESULT,84,2,2,-25255,4034,5771,-11873,-11356,206520,1
RESULT,85,2,1,-14052,2339,1312,-6860,-17295,206520,1
RESULT,86,2,2,-33611,-7060,14818,-11387,1428,206520,1
RESULT,87,2,2,-35066,-126,10817,-3985,-14729,206520,1
RESULT,88,2,2,-17831,-1615,6161,-11948,-18089,206520,1
RESULT,89,2,4,-44169,-11898,-5014,-5111,2241,206520,1
RESULT,90,2,2,-36068,-4794,12026,-2837,-1939,206520,1
RESULT,91,2,2,-15977,164,12564,-12494,-5856,206520,1
RESULT,92,2,2,-22496,-1821,8605,-7824,-18785,206520,1
RESULT,93,2,2,-40130,2614,13232,-4223,-9439,206520,1
RESULT,94,2,2,-28818,-3315,14345,-14891,-6066,206520,1
RESULT,95,3,3,-38386,-8702,-10024,7654,-12698,206520,1
RESULT,96,3,3,-82896,-26795,-14639,28795,6316,206520,1
RESULT,97,3,3,-15852,-10872,-7187,-6688,-19524,206520,1
RESULT,98,3,3,-8314,-9542,-22071,8839,-24139,206520,1
RESULT,99,3,3,-32100,-674,-20441,6919,-17684,206520,1
RESULT,100,3,3,-22625,-3996,-22515,9235,-22374,206520,1
RESULT,101,3,3,-31551,-16731,-38115,23877,-24484,206520,1
RESULT,102,3,3,-39554,-10913,-19697,12926,-17711,206520,1
RESULT,103,3,3,-36559,-5615,-9801,8755,-11789,206520,1
RESULT,104,3,3,-48414,-15077,-23577,13685,-1532,206520,1
RESULT,105,3,4,-57173,-23261,3030,5301,15438,206520,1
RESULT,106,3,4,-22721,-10988,-9237,-5826,-5484,206520,1
RESULT,107,3,3,-44169,-8225,-5218,3750,456,206520,1
RESULT,108,3,1,-17077,779,-9215,-646,-19112,206520,1
RESULT,109,3,3,-33070,-15925,-52083,21908,-37189,206520,1
RESULT,110,3,3,-23107,-18115,-26254,10123,-23108,206520,1
RESULT,111,3,3,-20746,-14920,-31185,5758,-21575,206520,1
RESULT,112,3,2,-39397,-10240,4018,2466,1819,206520,1
RESULT,113,3,3,-46856,-12957,-8946,5907,-1696,206520,1
RESULT,114,3,3,-48491,-12221,704,2241,2013,206520,1
RESULT,115,3,3,-14605,1920,-44480,11556,-47051,206520,1
RESULT,116,3,3,-42276,-11812,-7563,803,-1979,206520,1
RESULT,117,3,3,-28754,-22917,-7862,355,-8652,206520,1
RESULT,118,3,3,-42754,-16052,-7323,3623,-7140,206520,1
RESULT,119,4,4,-59817,-19086,-2449,7925,11791,206520,1
RESULT,120,4,4,-49026,-11284,7974,-3914,16536,206520,1
RESULT,121,4,4,-71268,-26969,-2590,10984,27971,206520,1
RESULT,122,4,4,-90482,-23320,3937,11389,32905,206520,1
RESULT,123,4,4,-59040,-23812,-554,10028,19581,206520,1
RESULT,124,4,4,-65198,-11571,3302,6769,18283,206520,1
RESULT,125,4,3,-68930,-18150,-6556,11487,10447,206520,1
RESULT,126,4,4,-59564,-13594,2800,2552,18450,206520,1
RESULT,127,4,4,-59978,-8735,10528,3308,17758,206520,1
RESULT,128,4,4,-59575,-16932,-178,-954,12118,206520,1
RESULT,129,4,4,-53282,-14850,2580,-943,19553,206520,1
RESULT,130,4,4,-62725,-26910,9609,4161,33061,206520,1
RESULT,131,4,4,-83992,-28445,2787,11937,27527,206520,1
RESULT,132,4,4,-93607,-23013,-492,14674,34653,206520,1
RESULT,133,4,4,-60346,-24289,-4384,10443,22332,206520,1
RESULT,134,4,4,-39125,-8805,10196,-4854,11924,206520,1
RESULT,135,4,4,-43215,-11815,1060,-3486,11440,206520,1
RESULT,136,4,4,-44991,-8501,8772,-4255,15347,206520,1
RESULT,137,4,4,-44950,-12763,-2987,-6522,6441,206520,1
RESULT,138,4,3,-62549,-25212,-13589,19176,10340,206520,1
RESULT,139,4,4,-51947,-12581,307,5836,11141,206520,1
RESULT,140,4,4,-66347,-18290,5194,5668,25311,206520,1
RESULT,141,4,4,-52665,-13013,-1960,3503,11207,206520,1
RESULT,142,4,4,-49320,-12351,5081,538,15242,206520,1
RESULT,143,4,4,-60914,-7834,8766,-1077,19260,206520,1
RESULT,144,4,4,-54128,-15218,-765,5819,13129,206520,1
RESULT,145,4,4,-69537,-22086,928,3938,19433,206520,1
RESULT,146,0,0,59943,21195,-59329,-6034,-91054,206520,1
RESULT,147,0,0,29203,12206,-26593,-11727,-50615,206520,1
RESULT,148,0,0,13861,9252,-22495,-7903,-50245,206520,1
RESULT,149,0,0,68194,23361,-57325,-13169,-96447,206520,1
RESULT,150,0,0,39567,21085,-43363,-8110,-72057,206520,1
RESULT,151,1,1,-6335,11101,2941,-10715,-23563,206520,1
RESULT,152,1,1,-4010,11023,-8353,-3725,-41372,206520,1
RESULT,153,1,0,22679,17043,-45939,-2886,-68997,206520,1
RESULT,154,1,1,10735,11275,-13331,-9051,-43631,206520,1
RESULT,155,2,2,-28108,545,10628,-9163,-10084,206520,1
RESULT,156,2,2,-37824,-2050,6181,-2338,1901,206520,1
RESULT,157,2,2,-19564,-1392,7637,-9261,-8668,206520,1
RESULT,158,2,3,-15228,-12052,-3922,2549,-8620,206520,1
RESULT,159,2,2,-40053,-8112,8911,-1938,2077,206520,1
RESULT,160,2,2,-28158,391,5759,-2700,-11659,206520,1
RESULT,161,2,2,-33066,-4117,6078,-12444,-7669,206520,1
RESULT,162,3,3,-28667,-10421,-27950,9654,-28941,206520,1
RESULT,163,3,3,-59091,-12703,-1830,11422,8811,206520,1
RESULT,164,3,3,-26452,-6701,-40910,18251,-38410,206520,1
RESULT,165,3,3,-58909,-17983,-26523,19994,-15388,206520,1
RESULT,166,3,3,-36845,-15318,-37258,22864,-31786,206520,1
RESULT,167,3,3,-52471,-14398,-7456,5064,-4625,206520,1
RESULT,168,3,3,-42380,-16482,-11569,5096,3957,206520,1
RESULT,169,3,3,-36455,-8912,-22265,13213,-19220,206520,1
RESULT,170,3,3,-44504,-15350,-30778,22965,-16544,206520,1
RESULT,171,4,4,-39427,-8472,2755,-840,9645,206520,1
RESULT,172,4,4,-45528,-13717,8045,-1277,15812,206520,1
RESULT,173,4,4,-96938,-38634,147,16638,41719,206520,1
RESULT,174,4,4,-74480,-25952,-2374,10695,29623,206520,1
RESULT,175,4,4,-49676,-24348,2080,3930,11320,206520,1
RESULT,176,4,4,-54343,-14574,6011,2741,15405,206520,1
RESULT,177,4,4,-86392,-21923,10443,6607,33067,206520,1
RESULT,178,4,4,-76214,-21642,6935,9798,20589,206520,1
RESULT,179,0,0,39662,15203,-36636,-10178,-66643,206520,1
RESULT,180,1,1,-26514,322,-4102,-6755,-16111,206520,1
RESULT,181,1,1,-17723,5154,-6189,-12434,-16880,206520,1
RESULT,182,1,1,10409,23933,-14984,-7015,-59340,206520,1
RESULT,183,1,0,17824,17403,-30750,664,-66609,206520,1
RESULT,184,2,2,-17719,3540,11904,-13932,-14011,206520,1
RESULT,185,2,2,-31976,1964,12417,-6218,-8942,206520,1
RESULT,186,2,2,-28767,-1372,14007,-8781,3897,206520,1
RESULT,187,2,2,-35985,-7226,19022,-9866,7311,206520,1
RESULT,188,3,3,-37045,-17578,-28764,28492,-34551,206520,1
RESULT,189,3,3,-34638,-3316,-17209,2650,-13907,206520,1
RESULT,190,3,3,-45058,-11986,-5392,2711,-3410,206520,1
RESULT,191,3,2,-16306,-7771,-3234,-7528,-17510,206520,1
RESULT,192,3,3,-22372,-2413,-3019,-1979,-9255,206520,1
RESULT,193,3,3,-59237,-23017,-22392,22311,-3014,206520,1
RESULT,194,3,3,-34603,-3567,-8658,3929,-12874,206520,1
RESULT,195,4,4,-41698,-11131,11157,-6492,14405,206520,1
RESULT,196,4,4,-66574,-20672,-1344,6870,22948,206520,1
RESULT,197,4,4,-49609,-13825,-3515,1331,2128,206520,1
RESULT,198,4,4,-46551,-13258,-105,4059,14987,206520,1
RESULT,199,4,4,-51062,-12336,8687,-1336,17525,206520,1
PASS_DATASET_BATCH vectors=200
/mnt/c/Users/Eduardo/Python/CIDigitalCNN/ci-digital-cnn-verilog/tb/tb_dataset_batch.sv:74: $finish called at 414614030000 (1ps)
